PLUGIN ENTRY LOADED
opt: WARNING: failed to create target machine for 'spir64-unknown-unknown': unable to get target for 'spir64-unknown-unknown', see --version and --triple.
REGISTERING CALLBACK
PIPELINE NAME: coalescing-pass
ADDING CoalescingPass
ENTER run: bounded_strided
[SCEV] tid_x=%call.i
    RAW PTR: %arrayidx.i
    STRIPPED PTR: %arrayidx.i
    PTR SCEV: ((4 * (sext i32 (4 * %6)<nsw> to i64))<nsw> + %5)
    PTR BASE SCEV: %5
    GEP PTR OPERAND: %5
    GEP INDICES:
      idx0=%idxprom.i
        scev=(4 * %6)<nsw> scev_coeff_tid_x=4 scev_coeff_tid_y=0 scev_const=0 scev_looprec=no scev_other=no scev_known=yes
    RAW PTR: %arrayidx4.i
    STRIPPED PTR: %arrayidx4.i
    PTR SCEV: ((4 * (sext i32 %9 to i64))<nsw> + %8)
    PTR BASE SCEV: %8
    GEP PTR OPERAND: %8
    GEP INDICES:
      idx0=%idxprom3.i
        scev=%call.i scev_coeff_tid_x=1 scev_coeff_tid_y=0 scev_const=0 scev_looprec=no scev_other=no scev_known=yes
ENTER run: __clang_ocl_kern_imp_bounded_strided
[CoalescingPass] function=bounded_strided
  access=load base=%5 byte_offset=16*tid_x thread_dependent=yes stride_x_bytes=16 access_size=4 exact=yes contiguous=no monotonic=yes broadcast=no class=STRIDED
    candidate: tile/remap through shared memory to enforce contiguous x access
    action=TILE_REMAP
    reason=access is thread-dependent but non-contiguous/strided; rewrite through cooperative tiled load
  access=store base=%8 byte_offset=4*tid_x thread_dependent=yes stride_x_bytes=4 access_size=4 exact=yes contiguous=yes monotonic=yes broadcast=no class=FULLY_COALESCED
    candidate: keep as coalesced store
    action=KEEP_GLOBAL
    reason=access already varies contiguously across tid_x; preserve direct global access
  summary: keep=1 broadcast_reuse=0 tile_remap=1 skip=0
[SCEV] tid_x=%call
    RAW PTR: %arrayidx
    STRIPPED PTR: %arrayidx
    PTR SCEV: ((4 * (sext i32 (4 * %3)<nsw> to i64))<nsw> + %2)
    PTR BASE SCEV: %2
    GEP PTR OPERAND: %2
    GEP INDICES:
      idx0=%idxprom
        scev=(4 * %3)<nsw> scev_coeff_tid_x=4 scev_coeff_tid_y=0 scev_const=0 scev_looprec=no scev_other=no scev_known=yes
    RAW PTR: %arrayidx4
    STRIPPED PTR: %arrayidx4
    PTR SCEV: ((4 * (sext i32 %6 to i64))<nsw> + %5)
    PTR BASE SCEV: %5
    GEP PTR OPERAND: %5
    GEP INDICES:
      idx0=%idxprom3
        scev=%call scev_coeff_tid_x=1 scev_coeff_tid_y=0 scev_const=0 scev_looprec=no scev_other=no scev_known=yes
[CoalescingPass] function=__clang_ocl_kern_imp_bounded_strided
  access=load base=%2 byte_offset=16*tid_x thread_dependent=yes stride_x_bytes=16 access_size=4 exact=yes contiguous=no monotonic=yes broadcast=no class=STRIDED
    candidate: tile/remap through shared memory to enforce contiguous x access
    action=TILE_REMAP
    reason=access is thread-dependent but non-contiguous/strided; rewrite through cooperative tiled load
  access=store base=%5 byte_offset=4*tid_x thread_dependent=yes stride_x_bytes=4 access_size=4 exact=yes contiguous=yes monotonic=yes broadcast=no class=FULLY_COALESCED
    candidate: keep as coalesced store
    action=KEEP_GLOBAL
    reason=access already varies contiguously across tid_x; preserve direct global access
  summary: keep=1 broadcast_reuse=0 tile_remap=1 skip=0
