PLUGIN ENTRY LOADED
opt: WARNING: failed to create target machine for 'spir64-unknown-unknown': unable to get target for 'spir64-unknown-unknown', see --version and --triple.
REGISTERING CALLBACK
PIPELINE NAME: coalescing-pass
ADDING CoalescingPass
ENTER run: test
[SCEV] tid_x=%call.i
    RAW PTR: %arrayidx.i
    STRIPPED PTR: %arrayidx.i
    PTR SCEV: (-4 + (4 * (sext i32 ((-1 * %5) + %4) to i64))<nsw> + %3)
    PTR BASE SCEV: %3
    GEP PTR OPERAND: %3
    GEP INDICES:
      idx0=%idxprom.i
        scev=(-1 + (-1 * %5) + %4) scev_coeff_tid_x=-1 scev_coeff_tid_y=0 scev_const=-1 scev_looprec=no scev_other=yes scev_known=yes
    RAW PTR: %arrayidx3.i
    STRIPPED PTR: %arrayidx3.i
    PTR SCEV: ((4 * (sext i32 %8 to i64))<nsw> + %7)
    PTR BASE SCEV: %7
    GEP PTR OPERAND: %7
    GEP INDICES:
      idx0=%idxprom2.i
        scev=%call.i scev_coeff_tid_x=1 scev_coeff_tid_y=0 scev_const=0 scev_looprec=no scev_other=no scev_known=yes
ENTER run: __clang_ocl_kern_imp_test
[CoalescingPass] function=test
  access=load base=%3 byte_offset=unknown thread_dependent=no stride_x_bytes=0 access_size=4 exact=no contiguous=no monotonic=no broadcast=no class=UNKNOWN
    candidate: inspect with SCEV for affine decomposition
    action=SKIP_UNKNOWN
    reason=insufficient confidence for a safe profitability-guided rewrite
  access=store base=%7 byte_offset=4*tid_x thread_dependent=yes stride_x_bytes=4 access_size=4 exact=yes contiguous=yes monotonic=yes broadcast=no class=FULLY_COALESCED
    candidate: keep as coalesced store
    action=KEEP_GLOBAL
    reason=access already varies contiguously across tid_x; preserve direct global access
  summary: keep=1 broadcast_reuse=0 tile_remap=0 skip=1
[SCEV] tid_x=%call
    RAW PTR: %arrayidx
    STRIPPED PTR: %arrayidx
    PTR SCEV: (-4 + (4 * (sext i32 ((-1 * %2) + %1) to i64))<nsw> + %0)
    PTR BASE SCEV: %0
    GEP PTR OPERAND: %0
    GEP INDICES:
      idx0=%idxprom
        scev=(-1 + (-1 * %2) + %1) scev_coeff_tid_x=-1 scev_coeff_tid_y=0 scev_const=-1 scev_looprec=no scev_other=yes scev_known=yes
    RAW PTR: %arrayidx3
    STRIPPED PTR: %arrayidx3
    PTR SCEV: ((4 * (sext i32 %5 to i64))<nsw> + %4)
    PTR BASE SCEV: %4
    GEP PTR OPERAND: %4
    GEP INDICES:
      idx0=%idxprom2
        scev=%call scev_coeff_tid_x=1 scev_coeff_tid_y=0 scev_const=0 scev_looprec=no scev_other=no scev_known=yes
[CoalescingPass] function=__clang_ocl_kern_imp_test
  access=load base=%0 byte_offset=unknown thread_dependent=no stride_x_bytes=0 access_size=4 exact=no contiguous=no monotonic=no broadcast=no class=UNKNOWN
    candidate: inspect with SCEV for affine decomposition
    action=SKIP_UNKNOWN
    reason=insufficient confidence for a safe profitability-guided rewrite
  access=store base=%4 byte_offset=4*tid_x thread_dependent=yes stride_x_bytes=4 access_size=4 exact=yes contiguous=yes monotonic=yes broadcast=no class=FULLY_COALESCED
    candidate: keep as coalesced store
    action=KEEP_GLOBAL
    reason=access already varies contiguously across tid_x; preserve direct global access
  summary: keep=1 broadcast_reuse=0 tile_remap=0 skip=1
